
> edtech-website@0.1.0 build
> cross-env NODE_OPTIONS='--max-old-space-size=8192' next build

Ôû▓ Next.js 16.2.2 (Turbopack)
- Environments: .env.local
- Experiments (use with caution):
  ┬À optimizePackageImports

  Creating an optimized production build ...
Ô£ô Compiled successfully in 3.3min
  Running TypeScript ...
