.next/dev/types/routes.d.ts(163,12): error TS1005: ';' expected.
.next/dev/types/routes.d.ts(163,17): error TS1002: Unterminated string literal.
.next/dev/types/routes.d.ts(164,25): error TS1005: ';' expected.
.next/dev/types/routes.d.ts(165,41): error TS1005: ';' expected.
.next/dev/types/routes.d.ts(166,17): error TS1005: ';' expected.
.next/dev/types/routes.d.ts(167,30): error TS1005: ';' expected.
.next/dev/types/routes.d.ts(168,39): error TS1005: ';' expected.
.next/dev/types/routes.d.ts(169,31): error TS1005: ';' expected.
.next/dev/types/routes.d.ts(170,19): error TS1005: ';' expected.
.next/dev/types/routes.d.ts(171,21): error TS1005: ';' expected.
.next/dev/types/routes.d.ts(172,17): error TS1005: ';' expected.
.next/dev/types/routes.d.ts(173,12): error TS1005: ';' expected.
.next/dev/types/routes.d.ts(174,19): error TS1005: ';' expected.
.next/dev/types/routes.d.ts(174,29): error TS1005: ';' expected.
.next/dev/types/routes.d.ts(175,94): error TS1005: ';' expected.
.next/dev/types/routes.d.ts(176,44): error TS1005: ';' expected.
.next/dev/types/routes.d.ts(177,50): error TS1005: ';' expected.
.next/dev/types/routes.d.ts(178,44): error TS1005: ';' expected.
.next/dev/types/routes.d.ts(179,41): error TS1005: ';' expected.
.next/dev/types/routes.d.ts(180,24): error TS1005: ';' expected.
.next/dev/types/routes.d.ts(181,48): error TS1005: ';' expected.
.next/dev/types/routes.d.ts(182,34): error TS1005: ';' expected.
.next/dev/types/routes.d.ts(183,48): error TS1005: ';' expected.
.next/dev/types/routes.d.ts(184,26): error TS1005: ';' expected.
.next/dev/types/routes.d.ts(185,16): error TS1005: ';' expected.
.next/dev/types/routes.d.ts(186,24): error TS1005: ';' expected.
.next/dev/types/routes.d.ts(187,17): error TS1005: ';' expected.
.next/dev/types/routes.d.ts(188,18): error TS1005: ';' expected.
.next/dev/types/routes.d.ts(189,23): error TS1005: ';' expected.
.next/dev/types/routes.d.ts(190,20): error TS1005: ';' expected.
.next/dev/types/routes.d.ts(191,21): error TS1005: ';' expected.
.next/dev/types/routes.d.ts(192,24): error TS1005: ';' expected.
.next/dev/types/routes.d.ts(193,29): error TS1005: ';' expected.
.next/dev/types/routes.d.ts(194,35): error TS1005: ';' expected.
.next/dev/types/routes.d.ts(195,27): error TS1005: ';' expected.
.next/dev/types/routes.d.ts(196,33): error TS1005: ';' expected.
.next/dev/types/routes.d.ts(197,13): error TS1005: ';' expected.
.next/dev/types/routes.d.ts(198,15): error TS1005: ';' expected.
.next/dev/types/routes.d.ts(199,28): error TS1005: ';' expected.
.next/dev/types/routes.d.ts(199,44): error TS1005: ';' expected.
.next/dev/types/routes.d.ts(200,14): error TS1005: ';' expected.
.next/dev/types/routes.d.ts(201,21): error TS1005: ';' expected.
.next/dev/types/routes.d.ts(202,20): error TS1005: ';' expected.
.next/dev/types/routes.d.ts(203,31): error TS1005: ';' expected.
.next/dev/types/routes.d.ts(204,19): error TS1005: ';' expected.
.next/dev/types/routes.d.ts(205,13): error TS1005: ';' expected.
.next/dev/types/routes.d.ts(206,14): error TS1005: ';' expected.
.next/dev/types/routes.d.ts(207,21): error TS1005: ';' expected.
.next/dev/types/routes.d.ts(207,31): error TS1005: ';' expected.
.next/dev/types/routes.d.ts(208,29): error TS1005: ';' expected.
.next/dev/types/routes.d.ts(209,22): error TS1005: ';' expected.
.next/dev/types/routes.d.ts(210,1): error TS1128: Declaration or statement expected.
